node.exe : Retrieving 
projectÔÇª
En línea: 1 Carácter: 1
+ & "C:\Program 
Files\nodejs/node.exe" 
"C:\Program 
Files\nodejs/node_mo ...
+ ~~~~~~~~~~~~~~~~~~~~~~~~~~~
~~~~~~~~~~~~~~~~~~~~~~~~~~~~~
~~~~~~~~~~~~~
    + CategoryInfo           
   : NotSpecified: (Retriev  
  ing projectÔÇª:String) [   
 ], RemoteException
    + FullyQualifiedErrorId  
   : NativeCommandError
 
> Downloading `production` 
Environment Variables for osc
ars-projects-0cd93c82/liah-fr
ontend-wzzh
Downloading
Created .vercel\.env.producti
on.local file  [299ms]

> Downloading project 
settings
Downloaded project settings 
to ~\Bot_Whatsapp\lia-fronten
d\.vercel\project.json [0ms]
WARNING! Build not running 
on Vercel. System 
environment variables will 
not be available.
WARNING: You should not 
upload the `.next` directory.
Installing dependencies...

up to date in 2s

159 packages are looking for funding
  run `npm fund` for details
Detected Next.js version: 16.1.0
Running "npm run build"

> liah-frontend@0.1.0 build
> next build

Attention: Next.js now collects completely anonymous telemetry regarding usage.
This information is used to shape Next.js' roadmap and prioritize features.
You can learn more, including how to opt-out if you'd not like to participate in this anonymous program, by visiting the following URL:
https://nextjs.org/telemetry

Ôû▓ Next.js 16.1.0 (Turbopack)
- Environments: .env.local

  Creating an optimized production build ...
Error: Cannot apply unknown 
utility class 
`bg-[rgba(var(--brand-rgb),`
    [2m[at 
onInvalidCandidate (C:\Users\
oscar\Bot_Whatsapp\lia-fronte
nd\node_modules\tailwindcss\d
ist\lib.js:21:1511)][0m
    [2m[at Te (C:\Users\osca
r\Bot_Whatsapp\lia-frontend\n
ode_modules\tailwindcss\dist\
lib.js:16:36326)][0m
    [2m[at C:\Users\oscar\Bo
t_Whatsapp\lia-frontend\node_
modules\tailwindcss\dist\lib.
js:21:355][0m
    [2m[at Rr (C:\Users\osca
r\Bot_Whatsapp\lia-frontend\n
ode_modules\tailwindcss\dist\
lib.js:3:1718)][0m
    [2m[at _ (C:\Users\oscar
\Bot_Whatsapp\lia-frontend\no
de_modules\tailwindcss\dist\l
ib.js:3:1377)][0m
    [2m[at $e (C:\Users\osca
r\Bot_Whatsapp\lia-frontend\n
ode_modules\tailwindcss\dist\
lib.js:21:172)][0m
    [2m[at un (C:\Users\osca
r\Bot_Whatsapp\lia-frontend\n
ode_modules\tailwindcss\dist\
lib.js:38:294)][0m
    [2m[at async cn (C:\User
s\oscar\Bot_Whatsapp\lia-fron
tend\node_modules\tailwindcss
\dist\lib.js:38:631)][0m
    [2m[at async Xr (C:\User
s\oscar\Bot_Whatsapp\lia-fron
tend\node_modules\@tailwindcs
s\node\dist\index.js:10:3417)
][0m
    [2m[at async I (C:\Users
\oscar\Bot_Whatsapp\lia-front
end\node_modules\@tailwindcss
\postcss\dist\index.js:10:397
7)][0m

-----
[1m[31mFATAL[39m[0m: An 
unexpected Turbopack error 
occurred. A panic log has 
been written to C:\Users\osca
r\AppData\Local\Temp\next-pan
ic-525be5d3b1e637f565978f7ca9
5eee78.log.

To help make Turbopack 
better, report this error by 
]8;;https://github.com/verce
l/next.js/discussions/new?cat
egory=turbopack-error-report&
title=Turbopack%20Error%3A%20
create%20symlink%20to%20..%2F
..%2Fnode_modules%2Ffirebase-
admin&body=Turbopack%20versio
n%3A%20%60ea1df5f2%60%0ANext.
js%20version%3A%20%600.0.0%60
%0A%0AError%20message%3A%0A%6
0%60%60%0Acreate%20symlink%20
to%20..%2F..%2Fnode_modules%2
Ffirebase-admin%0A%0ACaused%2
0by%3A%0A-%20El%20cliente%20n
o%20dispone%20de%20un%20privi
legio%20requerido.%20%28os%20
error%201314%29%0A%60%60%60&l
abels=Turbopack,Turbopack%20P
anic%20Backtrace\clicking 
here.]8;;\
-----


> Build error occurred
Error 
[TurbopackInternalError]: 
create symlink to ../../node_
modules/firebase-admin

Caused by:
- El cliente no dispone de 
un privilegio requerido. (os 
error 1314)
    at ignore-listed frames {
  type: 
'TurbopackInternalError',
  location: undefined
}
Error: Command "npm run 
build" exited with 1
